[
  {
    "term": "<span class=\"abbr-contains\">contains long expansions</span>",
    "subTerm": "<span class=\"abbr-contains\">contains long expansions</span>",
    "notes": "<span class=\"abbr-contains\">contains long expansions</span>",
    "book": 6,
    "page": "5-7"
  },
  {
    "term": "normal row",
    "subTerm": "2",
    "notes": "3",
    "book": 4,
    "page": "5"
  }
]
