[
  {
    "term": "this will be the term in this row, but sub term in the next row",
    "subTerm": "yes, see?",
    "notes": "example col swap",
    "book": 1,
    "page": "1, **10**, 15-16"
  },
  {
    "term": "yes, see?",
    "subTerm": "this will be the term in this row, but sub term in the next row",
    "notes": "example col swap",
    "book": 1,
    "page": "1, **10**, 15-16"
  }
]
