[
  {
    "term": "a",
    "subTerm": "v",
    "notes": "test expanding",
    "book": 1,
    "page": "2"
  },
  {
    "term": "a",
    "subTerm": "w",
    "notes": "test expanding",
    "book": 1,
    "page": "2"
  },
  {
    "term": "a",
    "subTerm": "x",
    "notes": "test expanding",
    "book": 1,
    "page": "2"
  },
  {
    "term": "a",
    "subTerm": "y",
    "notes": "test expanding",
    "book": 1,
    "page": "2"
  },
  {
    "term": "a",
    "subTerm": "z",
    "notes": "test expanding",
    "book": 1,
    "page": "2"
  },
  {
    "term": "b",
    "subTerm": "v",
    "notes": "test expanding",
    "book": 1,
    "page": "2"
  },
  {
    "term": "b",
    "subTerm": "w",
    "notes": "test expanding",
    "book": 1,
    "page": "2"
  },
  {
    "term": "b",
    "subTerm": "x",
    "notes": "test expanding",
    "book": 1,
    "page": "2"
  },
  {
    "term": "b",
    "subTerm": "y",
    "notes": "test expanding",
    "book": 1,
    "page": "2"
  },
  {
    "term": "b",
    "subTerm": "z",
    "notes": "test expanding",
    "book": 1,
    "page": "2"
  },
  {
    "term": "c",
    "subTerm": "v",
    "notes": "test expanding",
    "book": 1,
    "page": "2"
  },
  {
    "term": "c",
    "subTerm": "w",
    "notes": "test expanding",
    "book": 1,
    "page": "2"
  },
  {
    "term": "c",
    "subTerm": "x",
    "notes": "test expanding",
    "book": 1,
    "page": "2"
  },
  {
    "term": "c",
    "subTerm": "y",
    "notes": "test expanding",
    "book": 1,
    "page": "2"
  },
  {
    "term": "c",
    "subTerm": "z",
    "notes": "test expanding",
    "book": 1,
    "page": "2"
  },
  {
    "term": "d",
    "subTerm": "v",
    "notes": "test expanding",
    "book": 1,
    "page": "2"
  },
  {
    "term": "d",
    "subTerm": "w",
    "notes": "test expanding",
    "book": 1,
    "page": "2"
  },
  {
    "term": "d",
    "subTerm": "x",
    "notes": "test expanding",
    "book": 1,
    "page": "2"
  },
  {
    "term": "d",
    "subTerm": "y",
    "notes": "test expanding",
    "book": 1,
    "page": "2"
  },
  {
    "term": "d",
    "subTerm": "z",
    "notes": "test expanding",
    "book": 1,
    "page": "2"
  },
  {
    "term": "e",
    "subTerm": "v",
    "notes": "test expanding",
    "book": 1,
    "page": "2"
  },
  {
    "term": "e",
    "subTerm": "w",
    "notes": "test expanding",
    "book": 1,
    "page": "2"
  },
  {
    "term": "e",
    "subTerm": "x",
    "notes": "test expanding",
    "book": 1,
    "page": "2"
  },
  {
    "term": "e",
    "subTerm": "y",
    "notes": "test expanding",
    "book": 1,
    "page": "2"
  },
  {
    "term": "e",
    "subTerm": "z",
    "notes": "test expanding",
    "book": 1,
    "page": "2"
  }
]
